// Jest Snapshot v1, https://goo.gl/fbAQLP

exports[`getVersions("react", "^0.14.0") 1`] = `
Array [
  "0.14.0",
  "0.14.1",
  "0.14.2",
  "0.14.3",
  "0.14.4",
  "0.14.5",
  "0.14.6",
  "0.14.7",
  "0.14.8",
  "0.14.9",
]
`;
